---
source: core/src/modules/german/driver.rs
expression: input
info:
  word: WiR sChLiesSEn vieLleEcHt aB.
---
WiR sChLieÃŸEn vieLleEcHt aB.

