---
source: core/src/modules/german/driver.rs
expression: input
info:
  word: Wir schliessen nicht ab.
---
Wir schlie√üen nicht ab.

