---
source: core/src/modules/german/processor.rs
expression: input
info:
  word: Suess!
---
Süß!

