---
source: core/src/modules/german/processor.rs
expression: "is_valid(&word, VALID_GERMAN_WORDS)"
info:
  word: "DÃ¼bel\u0000"
---
false

