---
source: core/src/modules/german/driver.rs
expression: input
info:
  word: "\u0000Duebel\u0000"
---
"\u0000DÃ¼bel\u0000"

