---
source: core/src/modules/german/driver.rs
expression: input
info:
  word: ğŸ¤©Duebel
---
ğŸ¤©DÃ¼bel

