---
source: core/src/modules/german/driver.rs
expression: input
info:
  word: "Ich mag Aepfel, aber nicht Aerger."
---
"Ich mag Äpfel, aber nicht Ärger."

