---
source: core/src/modules/german/driver.rs
expression: input
info:
  word: Was sind aepfel?
---
Was sind aepfel?

