---
source: core/src/modules/german/driver.rs
expression: input
info:
  word: Ich mag AEPFEL!! 😍
---
Ich mag ÄPFEL!! 😍

