---
source: core/src/modules/german/driver.rs
expression: input
info:
  word: WARUM SCHLIESSEN WIR NICHT AB?
---
WARUM SCHLIEáºžEN WIR NICHT AB?

