---
source: core/src/modules/german/driver.rs
expression: input
info:
  word: Dübel
---
Dübel

