---
source: core/src/modules/german/driver.rs
expression: input
info:
  word: WiR sChLieSsEn ab!
---
WiR sChLieáºžEn ab!

