---
source: core/src/modules/german/driver.rs
expression: "is_valid(&word, &contained_in_global_word_list)"
info:
  word: kindergarten
---
false

