---
source: core/src/modules/german/driver.rs
expression: input
info:
  word: Wer mag Aepfel?!
---
Wer mag Ã„pfel?!

