---
source: core/src/util/strings.rs
expression: lowercase_first_char(&word)
info:
  word: Uebel
---
uebel
