---
source: core/src/util/iteration.rs
expression: result
info:
  collection:
    - 1
    - 2
    - 3
  include_empty_set: false
---
- - 1
- - 2
- - 3
- - 1
  - 2
- - 1
  - 3
- - 2
  - 3
- - 1
  - 2
  - 3

