---
source: core/src/util/strings.rs
expression: uppercase_first_char(&word)
info:
  word: uebel
---
Uebel
