---
source: core/src/util/iteration.rs
expression: result
info:
  collection:
    - 1
    - 2
  include_empty_set: false
---
- - 1
- - 2
- - 1
  - 2

