---
source: core/src/util/iteration.rs
expression: result
info:
  collection:
    - 1
  include_empty_set: false
---
- - 1

