---
source: core/src/util/strings.rs
expression: first_char(&word).to_string()
info:
  word: Hello
---
H
