---
source: core/tests/cli.rs
description: "\n\nDuebel\n\nğŸ˜‚\n\n\u0010\n"
expression: "&output"
---


Duebel

ğŸ˜‚



