---
source: core/tests/cli.rs
description: Duebel
expression: "&output"
---
DÃ¼bel
