---
source: core/tests/cli.rs
description: "Schufaeintrag\n"
expression: "&output"
---
Schufaeintrag

