---
source: core/tests/cli.rs
description: "Hallo Welt, Mauerduebel!\n"
expression: "&output"
---
Hallo Welt, Mauerd√ºbel!

