---
source: core/tests/cli.rs
description: "Der Massstab\n"
expression: "&output"
---
Der Ma√üstab

