---
source: core/tests/cli.rs
description: "Sehr droege, dieser\nMassstab!"
expression: "&output"
---
Sehr droege, dieser
Massstab!
